2026-08-12 21:36:56 - app.database - ERROR - [database.py:104] - Failed to fetch deviations: no such table: deviations
2026-08-12 21:36:56 - app.main - WARNING - [main.py:86] - Health check warning: no such table: deviations
2026-08-12 21:36:56 - app.database - ERROR - [database.py:104] - Failed to fetch deviations: no such table: deviations
2026-08-12 21:36:56 - app.main - ERROR - [main.py:64] - Failed to load scored deviations: no such table: deviations
2026-08-12 21:36:56 - app.database - ERROR - [database.py:104] - Failed to fetch deviations: no such table: deviations
2026-08-12 21:36:56 - app.main - ERROR - [main.py:64] - Failed to load scored deviations: no such table: deviations
2026-08-12 21:36:56 - app.database - ERROR - [database.py:104] - Failed to fetch deviations: no such table: deviations
2026-08-12 21:36:56 - app.main - ERROR - [main.py:64] - Failed to load scored deviations: no such table: deviations
2026-08-12 21:36:56 - app.database - ERROR - [database.py:104] - Failed to fetch deviations: no such table: deviations
2026-08-12 21:36:56 - app.main - ERROR - [main.py:64] - Failed to load scored deviations: no such table: deviations
2026-08-12 21:36:56 - app.database - ERROR - [database.py:104] - Failed to fetch deviations: no such table: deviations
2026-08-12 21:36:56 - app.main - ERROR - [main.py:64] - Failed to load scored deviations: no such table: deviations
2026-08-12 21:36:56 - app.database - ERROR - [database.py:104] - Failed to fetch deviations: no such table: deviations
2026-08-12 21:36:56 - app.main - ERROR - [main.py:64] - Failed to load scored deviations: no such table: deviations
2026-08-12 21:36:56 - app.database - ERROR - [database.py:104] - Failed to fetch deviations: no such table: deviations
2026-08-12 21:36:56 - app.main - ERROR - [main.py:64] - Failed to load scored deviations: no such table: deviations
2026-08-12 21:37:01 - app.database - INFO - [database.py:50] - Initializing database schema and data...
2026-08-12 21:37:01 - app.database - INFO - [database.py:60] - Seeding database from CSV...
2026-08-12 21:37:01 - app.database - INFO - [database.py:73] - Successfully seeded 30 records into database
2026-08-12 21:37:08 - app.main - INFO - [main.py:126] - Retrieved 30 deviations
2026-08-12 21:37:08 - app.main - INFO - [main.py:126] - Retrieved 30 deviations
2026-08-12 21:37:08 - app.main - INFO - [main.py:121] - Filtered 16 records at High risk level (from 30 total)
2026-08-12 21:37:08 - app.main - INFO - [main.py:126] - Retrieved 16 deviations
2026-08-12 21:37:08 - app.main - INFO - [main.py:121] - Filtered 11 records at Low risk level (from 30 total)
2026-08-12 21:37:08 - app.main - INFO - [main.py:126] - Retrieved 11 deviations
2026-08-12 21:37:08 - app.main - INFO - [main.py:196] - Summary: 30 total, Risk={'Low': 11, 'Medium': 3, 'High': 16}, Review statuses=['Closed', 'Escalated', 'In Review', 'Not Started', 'Pending Review'], Overdue=15, Unassigned=6
2026-08-12 21:37:08 - app.main - INFO - [main.py:196] - Summary: 30 total, Risk={'Low': 11, 'Medium': 3, 'High': 16}, Review statuses=['Closed', 'Escalated', 'In Review', 'Not Started', 'Pending Review'], Overdue=15, Unassigned=6
2026-08-12 21:37:08 - app.main - INFO - [main.py:196] - Summary: 30 total, Risk={'Low': 11, 'Medium': 3, 'High': 16}, Review statuses=['Closed', 'Escalated', 'In Review', 'Not Started', 'Pending Review'], Overdue=15, Unassigned=6
2026-08-12 21:37:08 - app.main - INFO - [main.py:25] - Starting application initialization...
2026-08-12 21:37:08 - app.database - INFO - [database.py:50] - Initializing database schema and data...
2026-08-12 21:37:08 - app.database - INFO - [database.py:57] - Database already contains 30 records
2026-08-12 21:37:08 - app.main - INFO - [main.py:27] - Application successfully initialized
2026-08-12 21:37:08 - app.main - INFO - [main.py:121] - Filtered 16 records at High risk level (from 30 total)
2026-08-12 21:37:08 - app.main - INFO - [main.py:126] - Retrieved 16 deviations
2026-08-12 21:37:08 - app.main - INFO - [main.py:196] - Summary: 30 total, Risk={'Low': 11, 'Medium': 3, 'High': 16}, Review statuses=['Closed', 'Escalated', 'In Review', 'Not Started', 'Pending Review'], Overdue=15, Unassigned=6
2026-08-12 21:37:08 - app.main - INFO - [main.py:32] - Shutting down application
2026-08-12 21:37:08 - app.main - INFO - [main.py:25] - Starting application initialization...
2026-08-12 21:37:08 - app.database - INFO - [database.py:50] - Initializing database schema and data...
2026-08-12 21:37:08 - app.database - INFO - [database.py:57] - Database already contains 30 records
2026-08-12 21:37:08 - app.main - INFO - [main.py:27] - Application successfully initialized
2026-08-12 21:37:08 - app.main - WARNING - [main.py:157] - Deviation DEV-DOES-NOT-EXIST not found
2026-08-12 21:37:08 - app.main - INFO - [main.py:32] - Shutting down application
2026-08-12 21:39:49 - app.main - INFO - [main.py:135] - Retrieved 30 deviations
2026-08-12 21:39:49 - app.main - INFO - [main.py:135] - Retrieved 30 deviations
2026-08-12 21:39:49 - app.main - INFO - [main.py:130] - Filtered 16 records at High risk level (from 30 total)
2026-08-12 21:39:49 - app.main - INFO - [main.py:135] - Retrieved 16 deviations
2026-08-12 21:39:49 - app.main - INFO - [main.py:130] - Filtered 11 records at Low risk level (from 30 total)
2026-08-12 21:39:49 - app.main - INFO - [main.py:135] - Retrieved 11 deviations
2026-08-12 21:39:49 - app.main - INFO - [main.py:205] - Summary: 30 total, Risk={'Low': 11, 'Medium': 3, 'High': 16}, Review statuses=['Closed', 'Escalated', 'In Review', 'Not Started', 'Pending Review'], Overdue=15, Unassigned=6
2026-08-12 21:39:49 - app.main - INFO - [main.py:205] - Summary: 30 total, Risk={'Low': 11, 'Medium': 3, 'High': 16}, Review statuses=['Closed', 'Escalated', 'In Review', 'Not Started', 'Pending Review'], Overdue=15, Unassigned=6
2026-08-12 21:39:49 - app.main - INFO - [main.py:205] - Summary: 30 total, Risk={'Low': 11, 'Medium': 3, 'High': 16}, Review statuses=['Closed', 'Escalated', 'In Review', 'Not Started', 'Pending Review'], Overdue=15, Unassigned=6
2026-08-12 21:39:55 - app.main - INFO - [main.py:135] - Retrieved 30 deviations
2026-08-12 21:39:55 - app.main - INFO - [main.py:135] - Retrieved 30 deviations
2026-08-12 21:39:55 - app.main - INFO - [main.py:135] - Retrieved 30 deviations
2026-08-12 21:39:55 - app.main - INFO - [main.py:135] - Retrieved 30 deviations
2026-08-12 21:39:55 - app.main - INFO - [main.py:135] - Retrieved 30 deviations
2026-08-12 21:39:55 - app.main - INFO - [main.py:135] - Retrieved 30 deviations
2026-08-12 21:39:55 - app.main - INFO - [main.py:135] - Retrieved 30 deviations
2026-08-12 21:39:55 - app.main - INFO - [main.py:135] - Retrieved 30 deviations
2026-08-12 21:39:55 - app.main - INFO - [main.py:135] - Retrieved 30 deviations
2026-08-12 21:39:55 - app.main - INFO - [main.py:135] - Retrieved 30 deviations
2026-08-12 21:39:55 - app.main - INFO - [main.py:135] - Retrieved 30 deviations
2026-08-12 21:39:55 - app.main - INFO - [main.py:135] - Retrieved 30 deviations
2026-08-12 21:39:55 - app.main - INFO - [main.py:135] - Retrieved 30 deviations
2026-08-12 21:39:55 - app.main - INFO - [main.py:135] - Retrieved 30 deviations
2026-08-12 21:39:55 - app.main - INFO - [main.py:135] - Retrieved 30 deviations
2026-08-12 21:39:55 - app.main - INFO - [main.py:135] - Retrieved 30 deviations
2026-08-12 21:39:55 - app.main - INFO - [main.py:135] - Retrieved 30 deviations
2026-08-12 21:39:55 - app.main - INFO - [main.py:135] - Retrieved 30 deviations
2026-08-12 21:39:55 - app.main - INFO - [main.py:135] - Retrieved 30 deviations
2026-08-12 21:39:55 - app.main - INFO - [main.py:135] - Retrieved 30 deviations
2026-08-12 21:39:55 - app.main - INFO - [main.py:135] - Retrieved 30 deviations
2026-08-12 21:39:55 - app.main - INFO - [main.py:135] - Retrieved 30 deviations
2026-08-12 21:39:55 - app.main - INFO - [main.py:135] - Retrieved 30 deviations
2026-08-12 21:39:55 - app.main - INFO - [main.py:135] - Retrieved 30 deviations
2026-08-12 21:39:55 - app.main - INFO - [main.py:135] - Retrieved 30 deviations
2026-08-12 21:39:56 - app.main - INFO - [main.py:135] - Retrieved 30 deviations
2026-08-12 21:39:56 - app.main - INFO - [main.py:135] - Retrieved 30 deviations
2026-08-12 21:39:56 - app.main - INFO - [main.py:135] - Retrieved 30 deviations
2026-08-12 21:39:56 - app.main - INFO - [main.py:135] - Retrieved 30 deviations
2026-08-12 21:39:56 - app.main - INFO - [main.py:135] - Retrieved 30 deviations
2026-08-12 21:39:56 - app.main - INFO - [main.py:135] - Retrieved 30 deviations
2026-08-12 21:39:56 - app.main - INFO - [main.py:135] - Retrieved 30 deviations
2026-08-12 21:39:56 - app.main - INFO - [main.py:130] - Filtered 16 records at High risk level (from 30 total)
2026-08-12 21:39:56 - app.main - INFO - [main.py:135] - Retrieved 16 deviations
2026-08-12 21:39:56 - app.main - INFO - [main.py:130] - Filtered 16 records at High risk level (from 30 total)
2026-08-12 21:39:56 - app.main - INFO - [main.py:135] - Retrieved 16 deviations
2026-08-12 21:39:56 - app.main - INFO - [main.py:130] - Filtered 16 records at High risk level (from 30 total)
2026-08-12 21:39:56 - app.main - INFO - [main.py:135] - Retrieved 16 deviations
2026-08-12 21:39:56 - app.main - INFO - [main.py:130] - Filtered 16 records at High risk level (from 30 total)
2026-08-12 21:39:56 - app.main - INFO - [main.py:135] - Retrieved 16 deviations
2026-08-12 21:39:56 - app.main - INFO - [main.py:130] - Filtered 16 records at High risk level (from 30 total)
2026-08-12 21:39:56 - app.main - INFO - [main.py:135] - Retrieved 16 deviations
2026-08-12 21:39:56 - app.main - INFO - [main.py:130] - Filtered 16 records at High risk level (from 30 total)
2026-08-12 21:39:56 - app.main - INFO - [main.py:135] - Retrieved 16 deviations
2026-08-12 21:39:56 - app.main - INFO - [main.py:130] - Filtered 16 records at High risk level (from 30 total)
2026-08-12 21:39:56 - app.main - INFO - [main.py:135] - Retrieved 16 deviations
2026-08-12 21:39:56 - app.main - INFO - [main.py:130] - Filtered 16 records at High risk level (from 30 total)
2026-08-12 21:39:56 - app.main - INFO - [main.py:135] - Retrieved 16 deviations
2026-08-12 21:39:56 - app.main - INFO - [main.py:130] - Filtered 16 records at High risk level (from 30 total)
2026-08-12 21:39:56 - app.main - INFO - [main.py:135] - Retrieved 16 deviations
2026-08-12 21:39:56 - app.main - INFO - [main.py:130] - Filtered 16 records at High risk level (from 30 total)
2026-08-12 21:39:56 - app.main - INFO - [main.py:135] - Retrieved 16 deviations
2026-08-12 21:39:56 - app.main - INFO - [main.py:130] - Filtered 16 records at High risk level (from 30 total)
2026-08-12 21:39:56 - app.main - INFO - [main.py:135] - Retrieved 16 deviations
2026-08-12 21:39:56 - app.main - INFO - [main.py:130] - Filtered 16 records at High risk level (from 30 total)
2026-08-12 21:39:56 - app.main - INFO - [main.py:135] - Retrieved 16 deviations
2026-08-12 21:39:56 - app.main - INFO - [main.py:130] - Filtered 16 records at High risk level (from 30 total)
2026-08-12 21:39:56 - app.main - INFO - [main.py:135] - Retrieved 16 deviations
2026-08-12 21:39:56 - app.main - INFO - [main.py:130] - Filtered 16 records at High risk level (from 30 total)
2026-08-12 21:39:56 - app.main - INFO - [main.py:135] - Retrieved 16 deviations
2026-08-12 21:39:56 - app.main - INFO - [main.py:130] - Filtered 16 records at High risk level (from 30 total)
2026-08-12 21:39:56 - app.main - INFO - [main.py:135] - Retrieved 16 deviations
2026-08-12 21:39:56 - app.main - INFO - [main.py:130] - Filtered 16 records at High risk level (from 30 total)
2026-08-12 21:39:56 - app.main - INFO - [main.py:135] - Retrieved 16 deviations
2026-08-12 21:39:56 - app.main - INFO - [main.py:130] - Filtered 16 records at High risk level (from 30 total)
2026-08-12 21:39:56 - app.main - INFO - [main.py:135] - Retrieved 16 deviations
2026-08-12 21:39:56 - app.main - INFO - [main.py:130] - Filtered 16 records at High risk level (from 30 total)
2026-08-12 21:39:56 - app.main - INFO - [main.py:135] - Retrieved 16 deviations
2026-08-12 21:39:56 - app.main - INFO - [main.py:130] - Filtered 16 records at High risk level (from 30 total)
2026-08-12 21:39:56 - app.main - INFO - [main.py:135] - Retrieved 16 deviations
2026-08-12 21:39:56 - app.main - INFO - [main.py:130] - Filtered 16 records at High risk level (from 30 total)
2026-08-12 21:39:56 - app.main - INFO - [main.py:135] - Retrieved 16 deviations
2026-08-12 21:39:56 - app.main - INFO - [main.py:130] - Filtered 16 records at High risk level (from 30 total)
2026-08-12 21:39:56 - app.main - INFO - [main.py:135] - Retrieved 16 deviations
2026-08-12 21:39:56 - app.main - INFO - [main.py:130] - Filtered 16 records at High risk level (from 30 total)
2026-08-12 21:39:56 - app.main - INFO - [main.py:135] - Retrieved 16 deviations
2026-08-12 21:39:56 - app.main - INFO - [main.py:130] - Filtered 16 records at High risk level (from 30 total)
2026-08-12 21:39:56 - app.main - INFO - [main.py:135] - Retrieved 16 deviations
2026-08-12 21:39:56 - app.main - INFO - [main.py:130] - Filtered 16 records at High risk level (from 30 total)
2026-08-12 21:39:56 - app.main - INFO - [main.py:135] - Retrieved 16 deviations
2026-08-12 21:39:56 - app.main - INFO - [main.py:130] - Filtered 16 records at High risk level (from 30 total)
2026-08-12 21:39:56 - app.main - INFO - [main.py:135] - Retrieved 16 deviations
2026-08-12 21:39:56 - app.main - INFO - [main.py:130] - Filtered 16 records at High risk level (from 30 total)
2026-08-12 21:39:56 - app.main - INFO - [main.py:135] - Retrieved 16 deviations
2026-08-12 21:39:56 - app.main - INFO - [main.py:130] - Filtered 16 records at High risk level (from 30 total)
2026-08-12 21:39:56 - app.main - INFO - [main.py:135] - Retrieved 16 deviations
2026-08-12 21:39:56 - app.main - INFO - [main.py:205] - Summary: 30 total, Risk={'Low': 11, 'Medium': 3, 'High': 16}, Review statuses=['Closed', 'Escalated', 'In Review', 'Not Started', 'Pending Review'], Overdue=15, Unassigned=6
2026-08-12 21:39:56 - app.main - INFO - [main.py:205] - Summary: 30 total, Risk={'Low': 11, 'Medium': 3, 'High': 16}, Review statuses=['Closed', 'Escalated', 'In Review', 'Not Started', 'Pending Review'], Overdue=15, Unassigned=6
2026-08-12 21:39:56 - app.main - INFO - [main.py:205] - Summary: 30 total, Risk={'Low': 11, 'Medium': 3, 'High': 16}, Review statuses=['Closed', 'Escalated', 'In Review', 'Not Started', 'Pending Review'], Overdue=15, Unassigned=6
2026-08-12 21:39:56 - app.main - INFO - [main.py:205] - Summary: 30 total, Risk={'Low': 11, 'Medium': 3, 'High': 16}, Review statuses=['Closed', 'Escalated', 'In Review', 'Not Started', 'Pending Review'], Overdue=15, Unassigned=6
2026-08-12 21:39:56 - app.main - INFO - [main.py:205] - Summary: 30 total, Risk={'Low': 11, 'Medium': 3, 'High': 16}, Review statuses=['Closed', 'Escalated', 'In Review', 'Not Started', 'Pending Review'], Overdue=15, Unassigned=6
2026-08-12 21:39:56 - app.main - INFO - [main.py:205] - Summary: 30 total, Risk={'Low': 11, 'Medium': 3, 'High': 16}, Review statuses=['Closed', 'Escalated', 'In Review', 'Not Started', 'Pending Review'], Overdue=15, Unassigned=6
2026-08-12 21:39:56 - app.main - INFO - [main.py:205] - Summary: 30 total, Risk={'Low': 11, 'Medium': 3, 'High': 16}, Review statuses=['Closed', 'Escalated', 'In Review', 'Not Started', 'Pending Review'], Overdue=15, Unassigned=6
2026-08-12 21:39:56 - app.main - INFO - [main.py:205] - Summary: 30 total, Risk={'Low': 11, 'Medium': 3, 'High': 16}, Review statuses=['Closed', 'Escalated', 'In Review', 'Not Started', 'Pending Review'], Overdue=15, Unassigned=6
2026-08-12 21:39:56 - app.main - INFO - [main.py:205] - Summary: 30 total, Risk={'Low': 11, 'Medium': 3, 'High': 16}, Review statuses=['Closed', 'Escalated', 'In Review', 'Not Started', 'Pending Review'], Overdue=15, Unassigned=6
2026-08-12 21:39:56 - app.main - INFO - [main.py:205] - Summary: 30 total, Risk={'Low': 11, 'Medium': 3, 'High': 16}, Review statuses=['Closed', 'Escalated', 'In Review', 'Not Started', 'Pending Review'], Overdue=15, Unassigned=6
2026-08-12 21:39:56 - app.main - INFO - [main.py:205] - Summary: 30 total, Risk={'Low': 11, 'Medium': 3, 'High': 16}, Review statuses=['Closed', 'Escalated', 'In Review', 'Not Started', 'Pending Review'], Overdue=15, Unassigned=6
2026-08-12 21:39:56 - app.main - INFO - [main.py:205] - Summary: 30 total, Risk={'Low': 11, 'Medium': 3, 'High': 16}, Review statuses=['Closed', 'Escalated', 'In Review', 'Not Started', 'Pending Review'], Overdue=15, Unassigned=6
2026-08-12 21:39:56 - app.main - INFO - [main.py:205] - Summary: 30 total, Risk={'Low': 11, 'Medium': 3, 'High': 16}, Review statuses=['Closed', 'Escalated', 'In Review', 'Not Started', 'Pending Review'], Overdue=15, Unassigned=6
2026-08-12 21:39:56 - app.main - INFO - [main.py:205] - Summary: 30 total, Risk={'Low': 11, 'Medium': 3, 'High': 16}, Review statuses=['Closed', 'Escalated', 'In Review', 'Not Started', 'Pending Review'], Overdue=15, Unassigned=6
2026-08-12 21:39:56 - app.main - INFO - [main.py:205] - Summary: 30 total, Risk={'Low': 11, 'Medium': 3, 'High': 16}, Review statuses=['Closed', 'Escalated', 'In Review', 'Not Started', 'Pending Review'], Overdue=15, Unassigned=6
2026-08-12 21:39:56 - app.main - INFO - [main.py:205] - Summary: 30 total, Risk={'Low': 11, 'Medium': 3, 'High': 16}, Review statuses=['Closed', 'Escalated', 'In Review', 'Not Started', 'Pending Review'], Overdue=15, Unassigned=6
2026-08-12 21:39:56 - app.main - INFO - [main.py:205] - Summary: 30 total, Risk={'Low': 11, 'Medium': 3, 'High': 16}, Review statuses=['Closed', 'Escalated', 'In Review', 'Not Started', 'Pending Review'], Overdue=15, Unassigned=6
2026-08-12 21:39:56 - app.main - INFO - [main.py:205] - Summary: 30 total, Risk={'Low': 11, 'Medium': 3, 'High': 16}, Review statuses=['Closed', 'Escalated', 'In Review', 'Not Started', 'Pending Review'], Overdue=15, Unassigned=6
2026-08-12 21:39:56 - app.main - INFO - [main.py:205] - Summary: 30 total, Risk={'Low': 11, 'Medium': 3, 'High': 16}, Review statuses=['Closed', 'Escalated', 'In Review', 'Not Started', 'Pending Review'], Overdue=15, Unassigned=6
2026-08-12 21:39:56 - app.main - INFO - [main.py:205] - Summary: 30 total, Risk={'Low': 11, 'Medium': 3, 'High': 16}, Review statuses=['Closed', 'Escalated', 'In Review', 'Not Started', 'Pending Review'], Overdue=15, Unassigned=6
2026-08-12 21:39:56 - app.main - INFO - [main.py:205] - Summary: 30 total, Risk={'Low': 11, 'Medium': 3, 'High': 16}, Review statuses=['Closed', 'Escalated', 'In Review', 'Not Started', 'Pending Review'], Overdue=15, Unassigned=6
2026-08-12 21:39:56 - app.main - INFO - [main.py:205] - Summary: 30 total, Risk={'Low': 11, 'Medium': 3, 'High': 16}, Review statuses=['Closed', 'Escalated', 'In Review', 'Not Started', 'Pending Review'], Overdue=15, Unassigned=6
2026-08-12 21:39:56 - app.main - INFO - [main.py:205] - Summary: 30 total, Risk={'Low': 11, 'Medium': 3, 'High': 16}, Review statuses=['Closed', 'Escalated', 'In Review', 'Not Started', 'Pending Review'], Overdue=15, Unassigned=6
2026-08-12 21:39:56 - app.main - INFO - [main.py:205] - Summary: 30 total, Risk={'Low': 11, 'Medium': 3, 'High': 16}, Review statuses=['Closed', 'Escalated', 'In Review', 'Not Started', 'Pending Review'], Overdue=15, Unassigned=6
2026-08-12 21:39:56 - app.main - INFO - [main.py:205] - Summary: 30 total, Risk={'Low': 11, 'Medium': 3, 'High': 16}, Review statuses=['Closed', 'Escalated', 'In Review', 'Not Started', 'Pending Review'], Overdue=15, Unassigned=6
2026-08-12 21:39:56 - app.main - INFO - [main.py:205] - Summary: 30 total, Risk={'Low': 11, 'Medium': 3, 'High': 16}, Review statuses=['Closed', 'Escalated', 'In Review', 'Not Started', 'Pending Review'], Overdue=15, Unassigned=6
2026-08-12 21:39:56 - app.main - INFO - [main.py:205] - Summary: 30 total, Risk={'Low': 11, 'Medium': 3, 'High': 16}, Review statuses=['Closed', 'Escalated', 'In Review', 'Not Started', 'Pending Review'], Overdue=15, Unassigned=6
2026-08-12 21:39:56 - app.main - INFO - [main.py:164] - Retrieved deviation DEV-1001
2026-08-12 21:39:56 - app.main - INFO - [main.py:164] - Retrieved deviation DEV-1001
2026-08-12 21:39:56 - app.main - INFO - [main.py:164] - Retrieved deviation DEV-1001
2026-08-12 21:39:56 - app.main - INFO - [main.py:164] - Retrieved deviation DEV-1001
2026-08-12 21:39:56 - app.main - INFO - [main.py:164] - Retrieved deviation DEV-1001
2026-08-12 21:39:56 - app.main - INFO - [main.py:164] - Retrieved deviation DEV-1001
2026-08-12 21:39:56 - app.main - INFO - [main.py:164] - Retrieved deviation DEV-1001
2026-08-12 21:39:56 - app.main - INFO - [main.py:164] - Retrieved deviation DEV-1001
2026-08-12 21:39:56 - app.main - INFO - [main.py:164] - Retrieved deviation DEV-1001
2026-08-12 21:39:56 - app.main - INFO - [main.py:164] - Retrieved deviation DEV-1001
2026-08-12 21:39:56 - app.main - INFO - [main.py:164] - Retrieved deviation DEV-1001
2026-08-12 21:39:56 - app.main - INFO - [main.py:164] - Retrieved deviation DEV-1001
2026-08-12 21:39:56 - app.main - INFO - [main.py:164] - Retrieved deviation DEV-1001
2026-08-12 21:39:56 - app.main - INFO - [main.py:164] - Retrieved deviation DEV-1001
2026-08-12 21:39:56 - app.main - INFO - [main.py:164] - Retrieved deviation DEV-1001
2026-08-12 21:39:56 - app.main - INFO - [main.py:164] - Retrieved deviation DEV-1001
2026-08-12 21:39:56 - app.main - INFO - [main.py:164] - Retrieved deviation DEV-1001
2026-08-12 21:39:56 - app.main - INFO - [main.py:164] - Retrieved deviation DEV-1001
2026-08-12 21:39:56 - app.main - INFO - [main.py:164] - Retrieved deviation DEV-1001
2026-08-12 21:39:56 - app.main - INFO - [main.py:164] - Retrieved deviation DEV-1001
2026-08-12 21:39:56 - app.main - INFO - [main.py:164] - Retrieved deviation DEV-1001
2026-08-12 21:39:56 - app.main - INFO - [main.py:164] - Retrieved deviation DEV-1001
2026-08-12 21:39:56 - app.main - INFO - [main.py:164] - Retrieved deviation DEV-1001
2026-08-12 21:39:56 - app.main - INFO - [main.py:164] - Retrieved deviation DEV-1001
2026-08-12 21:39:56 - app.main - INFO - [main.py:164] - Retrieved deviation DEV-1001
2026-08-12 21:39:56 - app.main - INFO - [main.py:164] - Retrieved deviation DEV-1001
2026-08-12 21:39:56 - app.main - INFO - [main.py:164] - Retrieved deviation DEV-1001
2026-08-12 21:39:56 - app.main - INFO - [main.py:135] - Retrieved 30 deviations
2026-08-12 21:39:56 - app.main - INFO - [main.py:135] - Retrieved 30 deviations
2026-08-12 21:39:56 - app.main - INFO - [main.py:135] - Retrieved 30 deviations
2026-08-12 21:39:56 - app.main - INFO - [main.py:135] - Retrieved 30 deviations
2026-08-12 21:39:56 - app.main - INFO - [main.py:135] - Retrieved 30 deviations
2026-08-12 21:39:56 - app.main - INFO - [main.py:135] - Retrieved 30 deviations
2026-08-12 21:39:56 - app.main - INFO - [main.py:135] - Retrieved 30 deviations
2026-08-12 21:39:56 - app.main - INFO - [main.py:135] - Retrieved 30 deviations
2026-08-12 21:39:56 - app.main - INFO - [main.py:135] - Retrieved 30 deviations
2026-08-12 21:39:56 - app.main - INFO - [main.py:135] - Retrieved 30 deviations
2026-08-12 21:39:56 - app.main - INFO - [main.py:205] - Summary: 30 total, Risk={'Low': 11, 'Medium': 3, 'High': 16}, Review statuses=['Closed', 'Escalated', 'In Review', 'Not Started', 'Pending Review'], Overdue=15, Unassigned=6
2026-08-12 21:39:56 - app.main - INFO - [main.py:205] - Summary: 30 total, Risk={'Low': 11, 'Medium': 3, 'High': 16}, Review statuses=['Closed', 'Escalated', 'In Review', 'Not Started', 'Pending Review'], Overdue=15, Unassigned=6
2026-08-12 21:39:56 - app.main - INFO - [main.py:205] - Summary: 30 total, Risk={'Low': 11, 'Medium': 3, 'High': 16}, Review statuses=['Closed', 'Escalated', 'In Review', 'Not Started', 'Pending Review'], Overdue=15, Unassigned=6
2026-08-12 21:39:56 - app.main - INFO - [main.py:205] - Summary: 30 total, Risk={'Low': 11, 'Medium': 3, 'High': 16}, Review statuses=['Closed', 'Escalated', 'In Review', 'Not Started', 'Pending Review'], Overdue=15, Unassigned=6
2026-08-12 21:39:56 - app.main - INFO - [main.py:205] - Summary: 30 total, Risk={'Low': 11, 'Medium': 3, 'High': 16}, Review statuses=['Closed', 'Escalated', 'In Review', 'Not Started', 'Pending Review'], Overdue=15, Unassigned=6
2026-08-12 21:39:56 - app.main - INFO - [main.py:205] - Summary: 30 total, Risk={'Low': 11, 'Medium': 3, 'High': 16}, Review statuses=['Closed', 'Escalated', 'In Review', 'Not Started', 'Pending Review'], Overdue=15, Unassigned=6
2026-08-12 21:39:56 - app.main - INFO - [main.py:205] - Summary: 30 total, Risk={'Low': 11, 'Medium': 3, 'High': 16}, Review statuses=['Closed', 'Escalated', 'In Review', 'Not Started', 'Pending Review'], Overdue=15, Unassigned=6
2026-08-12 21:39:56 - app.main - INFO - [main.py:205] - Summary: 30 total, Risk={'Low': 11, 'Medium': 3, 'High': 16}, Review statuses=['Closed', 'Escalated', 'In Review', 'Not Started', 'Pending Review'], Overdue=15, Unassigned=6
2026-08-12 21:39:56 - app.main - INFO - [main.py:205] - Summary: 30 total, Risk={'Low': 11, 'Medium': 3, 'High': 16}, Review statuses=['Closed', 'Escalated', 'In Review', 'Not Started', 'Pending Review'], Overdue=15, Unassigned=6
2026-08-12 21:39:56 - app.main - INFO - [main.py:205] - Summary: 30 total, Risk={'Low': 11, 'Medium': 3, 'High': 16}, Review statuses=['Closed', 'Escalated', 'In Review', 'Not Started', 'Pending Review'], Overdue=15, Unassigned=6
2026-08-12 21:40:13 - app.main - INFO - [main.py:135] - Retrieved 30 deviations
2026-08-12 21:40:13 - app.main - INFO - [main.py:135] - Retrieved 30 deviations
2026-08-12 21:40:13 - app.main - INFO - [main.py:135] - Retrieved 30 deviations
2026-08-12 21:40:13 - app.main - INFO - [main.py:135] - Retrieved 30 deviations
2026-08-12 21:40:13 - app.main - INFO - [main.py:135] - Retrieved 30 deviations
2026-08-12 21:40:13 - app.main - INFO - [main.py:135] - Retrieved 30 deviations
2026-08-12 21:40:13 - app.main - INFO - [main.py:135] - Retrieved 30 deviations
2026-08-12 21:40:13 - app.main - INFO - [main.py:135] - Retrieved 30 deviations
2026-08-12 21:40:13 - app.main - INFO - [main.py:135] - Retrieved 30 deviations
2026-08-12 21:40:13 - app.main - INFO - [main.py:135] - Retrieved 30 deviations
2026-08-12 21:40:13 - app.main - INFO - [main.py:135] - Retrieved 30 deviations
2026-08-12 21:40:13 - app.main - INFO - [main.py:135] - Retrieved 30 deviations
2026-08-12 21:40:13 - app.main - INFO - [main.py:135] - Retrieved 30 deviations
2026-08-12 21:40:13 - app.main - INFO - [main.py:135] - Retrieved 30 deviations
2026-08-12 21:40:13 - app.main - INFO - [main.py:135] - Retrieved 30 deviations
2026-08-12 21:40:13 - app.main - INFO - [main.py:135] - Retrieved 30 deviations
2026-08-12 21:40:13 - app.main - INFO - [main.py:135] - Retrieved 30 deviations
2026-08-12 21:40:13 - app.main - INFO - [main.py:135] - Retrieved 30 deviations
2026-08-12 21:40:13 - app.main - INFO - [main.py:135] - Retrieved 30 deviations
2026-08-12 21:40:13 - app.main - INFO - [main.py:135] - Retrieved 30 deviations
2026-08-12 21:40:13 - app.main - INFO - [main.py:135] - Retrieved 30 deviations
2026-08-12 21:40:13 - app.main - INFO - [main.py:135] - Retrieved 30 deviations
2026-08-12 21:40:13 - app.main - INFO - [main.py:135] - Retrieved 30 deviations
2026-08-12 21:40:13 - app.main - INFO - [main.py:135] - Retrieved 30 deviations
2026-08-12 21:40:13 - app.main - INFO - [main.py:135] - Retrieved 30 deviations
2026-08-12 21:40:13 - app.main - INFO - [main.py:135] - Retrieved 30 deviations
2026-08-12 21:40:13 - app.main - INFO - [main.py:135] - Retrieved 30 deviations
2026-08-12 21:40:13 - app.main - INFO - [main.py:135] - Retrieved 30 deviations
2026-08-12 21:40:13 - app.main - INFO - [main.py:135] - Retrieved 30 deviations
2026-08-12 21:40:13 - app.main - INFO - [main.py:135] - Retrieved 30 deviations
2026-08-12 21:40:13 - app.main - INFO - [main.py:135] - Retrieved 30 deviations
2026-08-12 21:40:13 - app.main - INFO - [main.py:135] - Retrieved 30 deviations
2026-08-12 21:40:13 - app.main - INFO - [main.py:130] - Filtered 16 records at High risk level (from 30 total)
2026-08-12 21:40:13 - app.main - INFO - [main.py:135] - Retrieved 16 deviations
2026-08-12 21:40:13 - app.main - INFO - [main.py:130] - Filtered 16 records at High risk level (from 30 total)
2026-08-12 21:40:13 - app.main - INFO - [main.py:135] - Retrieved 16 deviations
2026-08-12 21:40:13 - app.main - INFO - [main.py:130] - Filtered 16 records at High risk level (from 30 total)
2026-08-12 21:40:13 - app.main - INFO - [main.py:135] - Retrieved 16 deviations
2026-08-12 21:40:13 - app.main - INFO - [main.py:130] - Filtered 16 records at High risk level (from 30 total)
2026-08-12 21:40:13 - app.main - INFO - [main.py:135] - Retrieved 16 deviations
2026-08-12 21:40:13 - app.main - INFO - [main.py:130] - Filtered 16 records at High risk level (from 30 total)
2026-08-12 21:40:13 - app.main - INFO - [main.py:135] - Retrieved 16 deviations
2026-08-12 21:40:13 - app.main - INFO - [main.py:130] - Filtered 16 records at High risk level (from 30 total)
2026-08-12 21:40:13 - app.main - INFO - [main.py:135] - Retrieved 16 deviations
2026-08-12 21:40:13 - app.main - INFO - [main.py:130] - Filtered 16 records at High risk level (from 30 total)
2026-08-12 21:40:13 - app.main - INFO - [main.py:135] - Retrieved 16 deviations
2026-08-12 21:40:13 - app.main - INFO - [main.py:130] - Filtered 16 records at High risk level (from 30 total)
2026-08-12 21:40:13 - app.main - INFO - [main.py:135] - Retrieved 16 deviations
2026-08-12 21:40:13 - app.main - INFO - [main.py:130] - Filtered 16 records at High risk level (from 30 total)
2026-08-12 21:40:13 - app.main - INFO - [main.py:135] - Retrieved 16 deviations
2026-08-12 21:40:13 - app.main - INFO - [main.py:130] - Filtered 16 records at High risk level (from 30 total)
2026-08-12 21:40:13 - app.main - INFO - [main.py:135] - Retrieved 16 deviations
2026-08-12 21:40:13 - app.main - INFO - [main.py:130] - Filtered 16 records at High risk level (from 30 total)
2026-08-12 21:40:13 - app.main - INFO - [main.py:135] - Retrieved 16 deviations
2026-08-12 21:40:13 - app.main - INFO - [main.py:130] - Filtered 16 records at High risk level (from 30 total)
2026-08-12 21:40:13 - app.main - INFO - [main.py:135] - Retrieved 16 deviations
2026-08-12 21:40:13 - app.main - INFO - [main.py:130] - Filtered 16 records at High risk level (from 30 total)
2026-08-12 21:40:13 - app.main - INFO - [main.py:135] - Retrieved 16 deviations
2026-08-12 21:40:13 - app.main - INFO - [main.py:130] - Filtered 16 records at High risk level (from 30 total)
2026-08-12 21:40:13 - app.main - INFO - [main.py:135] - Retrieved 16 deviations
2026-08-12 21:40:13 - app.main - INFO - [main.py:130] - Filtered 16 records at High risk level (from 30 total)
2026-08-12 21:40:13 - app.main - INFO - [main.py:135] - Retrieved 16 deviations
2026-08-12 21:40:13 - app.main - INFO - [main.py:130] - Filtered 16 records at High risk level (from 30 total)
2026-08-12 21:40:13 - app.main - INFO - [main.py:135] - Retrieved 16 deviations
2026-08-12 21:40:13 - app.main - INFO - [main.py:130] - Filtered 16 records at High risk level (from 30 total)
2026-08-12 21:40:13 - app.main - INFO - [main.py:135] - Retrieved 16 deviations
2026-08-12 21:40:13 - app.main - INFO - [main.py:130] - Filtered 16 records at High risk level (from 30 total)
2026-08-12 21:40:13 - app.main - INFO - [main.py:135] - Retrieved 16 deviations
2026-08-12 21:40:13 - app.main - INFO - [main.py:130] - Filtered 16 records at High risk level (from 30 total)
2026-08-12 21:40:13 - app.main - INFO - [main.py:135] - Retrieved 16 deviations
2026-08-12 21:40:13 - app.main - INFO - [main.py:130] - Filtered 16 records at High risk level (from 30 total)
2026-08-12 21:40:13 - app.main - INFO - [main.py:135] - Retrieved 16 deviations
2026-08-12 21:40:13 - app.main - INFO - [main.py:130] - Filtered 16 records at High risk level (from 30 total)
2026-08-12 21:40:13 - app.main - INFO - [main.py:135] - Retrieved 16 deviations
2026-08-12 21:40:13 - app.main - INFO - [main.py:130] - Filtered 16 records at High risk level (from 30 total)
2026-08-12 21:40:13 - app.main - INFO - [main.py:135] - Retrieved 16 deviations
2026-08-12 21:40:13 - app.main - INFO - [main.py:130] - Filtered 16 records at High risk level (from 30 total)
2026-08-12 21:40:13 - app.main - INFO - [main.py:135] - Retrieved 16 deviations
2026-08-12 21:40:13 - app.main - INFO - [main.py:130] - Filtered 16 records at High risk level (from 30 total)
2026-08-12 21:40:13 - app.main - INFO - [main.py:135] - Retrieved 16 deviations
2026-08-12 21:40:13 - app.main - INFO - [main.py:130] - Filtered 16 records at High risk level (from 30 total)
2026-08-12 21:40:13 - app.main - INFO - [main.py:135] - Retrieved 16 deviations
2026-08-12 21:40:13 - app.main - INFO - [main.py:130] - Filtered 16 records at High risk level (from 30 total)
2026-08-12 21:40:13 - app.main - INFO - [main.py:135] - Retrieved 16 deviations
2026-08-12 21:40:13 - app.main - INFO - [main.py:130] - Filtered 16 records at High risk level (from 30 total)
2026-08-12 21:40:13 - app.main - INFO - [main.py:135] - Retrieved 16 deviations
2026-08-12 21:40:13 - app.main - INFO - [main.py:205] - Summary: 30 total, Risk={'Low': 11, 'Medium': 3, 'High': 16}, Review statuses=['Closed', 'Escalated', 'In Review', 'Not Started', 'Pending Review'], Overdue=15, Unassigned=6
2026-08-12 21:40:13 - app.main - INFO - [main.py:205] - Summary: 30 total, Risk={'Low': 11, 'Medium': 3, 'High': 16}, Review statuses=['Closed', 'Escalated', 'In Review', 'Not Started', 'Pending Review'], Overdue=15, Unassigned=6
2026-08-12 21:40:13 - app.main - INFO - [main.py:205] - Summary: 30 total, Risk={'Low': 11, 'Medium': 3, 'High': 16}, Review statuses=['Closed', 'Escalated', 'In Review', 'Not Started', 'Pending Review'], Overdue=15, Unassigned=6
2026-08-12 21:40:13 - app.main - INFO - [main.py:205] - Summary: 30 total, Risk={'Low': 11, 'Medium': 3, 'High': 16}, Review statuses=['Closed', 'Escalated', 'In Review', 'Not Started', 'Pending Review'], Overdue=15, Unassigned=6
2026-08-12 21:40:13 - app.main - INFO - [main.py:205] - Summary: 30 total, Risk={'Low': 11, 'Medium': 3, 'High': 16}, Review statuses=['Closed', 'Escalated', 'In Review', 'Not Started', 'Pending Review'], Overdue=15, Unassigned=6
2026-08-12 21:40:13 - app.main - INFO - [main.py:205] - Summary: 30 total, Risk={'Low': 11, 'Medium': 3, 'High': 16}, Review statuses=['Closed', 'Escalated', 'In Review', 'Not Started', 'Pending Review'], Overdue=15, Unassigned=6
2026-08-12 21:40:13 - app.main - INFO - [main.py:205] - Summary: 30 total, Risk={'Low': 11, 'Medium': 3, 'High': 16}, Review statuses=['Closed', 'Escalated', 'In Review', 'Not Started', 'Pending Review'], Overdue=15, Unassigned=6
2026-08-12 21:40:13 - app.main - INFO - [main.py:205] - Summary: 30 total, Risk={'Low': 11, 'Medium': 3, 'High': 16}, Review statuses=['Closed', 'Escalated', 'In Review', 'Not Started', 'Pending Review'], Overdue=15, Unassigned=6
2026-08-12 21:40:13 - app.main - INFO - [main.py:205] - Summary: 30 total, Risk={'Low': 11, 'Medium': 3, 'High': 16}, Review statuses=['Closed', 'Escalated', 'In Review', 'Not Started', 'Pending Review'], Overdue=15, Unassigned=6
2026-08-12 21:40:13 - app.main - INFO - [main.py:205] - Summary: 30 total, Risk={'Low': 11, 'Medium': 3, 'High': 16}, Review statuses=['Closed', 'Escalated', 'In Review', 'Not Started', 'Pending Review'], Overdue=15, Unassigned=6
2026-08-12 21:40:13 - app.main - INFO - [main.py:205] - Summary: 30 total, Risk={'Low': 11, 'Medium': 3, 'High': 16}, Review statuses=['Closed', 'Escalated', 'In Review', 'Not Started', 'Pending Review'], Overdue=15, Unassigned=6
2026-08-12 21:40:13 - app.main - INFO - [main.py:205] - Summary: 30 total, Risk={'Low': 11, 'Medium': 3, 'High': 16}, Review statuses=['Closed', 'Escalated', 'In Review', 'Not Started', 'Pending Review'], Overdue=15, Unassigned=6
2026-08-12 21:40:13 - app.main - INFO - [main.py:205] - Summary: 30 total, Risk={'Low': 11, 'Medium': 3, 'High': 16}, Review statuses=['Closed', 'Escalated', 'In Review', 'Not Started', 'Pending Review'], Overdue=15, Unassigned=6
2026-08-12 21:40:13 - app.main - INFO - [main.py:205] - Summary: 30 total, Risk={'Low': 11, 'Medium': 3, 'High': 16}, Review statuses=['Closed', 'Escalated', 'In Review', 'Not Started', 'Pending Review'], Overdue=15, Unassigned=6
2026-08-12 21:40:13 - app.main - INFO - [main.py:205] - Summary: 30 total, Risk={'Low': 11, 'Medium': 3, 'High': 16}, Review statuses=['Closed', 'Escalated', 'In Review', 'Not Started', 'Pending Review'], Overdue=15, Unassigned=6
2026-08-12 21:40:13 - app.main - INFO - [main.py:205] - Summary: 30 total, Risk={'Low': 11, 'Medium': 3, 'High': 16}, Review statuses=['Closed', 'Escalated', 'In Review', 'Not Started', 'Pending Review'], Overdue=15, Unassigned=6
2026-08-12 21:40:13 - app.main - INFO - [main.py:205] - Summary: 30 total, Risk={'Low': 11, 'Medium': 3, 'High': 16}, Review statuses=['Closed', 'Escalated', 'In Review', 'Not Started', 'Pending Review'], Overdue=15, Unassigned=6
2026-08-12 21:40:13 - app.main - INFO - [main.py:205] - Summary: 30 total, Risk={'Low': 11, 'Medium': 3, 'High': 16}, Review statuses=['Closed', 'Escalated', 'In Review', 'Not Started', 'Pending Review'], Overdue=15, Unassigned=6
2026-08-12 21:40:13 - app.main - INFO - [main.py:205] - Summary: 30 total, Risk={'Low': 11, 'Medium': 3, 'High': 16}, Review statuses=['Closed', 'Escalated', 'In Review', 'Not Started', 'Pending Review'], Overdue=15, Unassigned=6
2026-08-12 21:40:13 - app.main - INFO - [main.py:205] - Summary: 30 total, Risk={'Low': 11, 'Medium': 3, 'High': 16}, Review statuses=['Closed', 'Escalated', 'In Review', 'Not Started', 'Pending Review'], Overdue=15, Unassigned=6
2026-08-12 21:40:13 - app.main - INFO - [main.py:205] - Summary: 30 total, Risk={'Low': 11, 'Medium': 3, 'High': 16}, Review statuses=['Closed', 'Escalated', 'In Review', 'Not Started', 'Pending Review'], Overdue=15, Unassigned=6
2026-08-12 21:40:13 - app.main - INFO - [main.py:205] - Summary: 30 total, Risk={'Low': 11, 'Medium': 3, 'High': 16}, Review statuses=['Closed', 'Escalated', 'In Review', 'Not Started', 'Pending Review'], Overdue=15, Unassigned=6
2026-08-12 21:40:13 - app.main - INFO - [main.py:205] - Summary: 30 total, Risk={'Low': 11, 'Medium': 3, 'High': 16}, Review statuses=['Closed', 'Escalated', 'In Review', 'Not Started', 'Pending Review'], Overdue=15, Unassigned=6
2026-08-12 21:40:13 - app.main - INFO - [main.py:205] - Summary: 30 total, Risk={'Low': 11, 'Medium': 3, 'High': 16}, Review statuses=['Closed', 'Escalated', 'In Review', 'Not Started', 'Pending Review'], Overdue=15, Unassigned=6
2026-08-12 21:40:13 - app.main - INFO - [main.py:205] - Summary: 30 total, Risk={'Low': 11, 'Medium': 3, 'High': 16}, Review statuses=['Closed', 'Escalated', 'In Review', 'Not Started', 'Pending Review'], Overdue=15, Unassigned=6
2026-08-12 21:40:13 - app.main - INFO - [main.py:205] - Summary: 30 total, Risk={'Low': 11, 'Medium': 3, 'High': 16}, Review statuses=['Closed', 'Escalated', 'In Review', 'Not Started', 'Pending Review'], Overdue=15, Unassigned=6
2026-08-12 21:40:13 - app.main - INFO - [main.py:205] - Summary: 30 total, Risk={'Low': 11, 'Medium': 3, 'High': 16}, Review statuses=['Closed', 'Escalated', 'In Review', 'Not Started', 'Pending Review'], Overdue=15, Unassigned=6
2026-08-12 21:40:13 - app.main - INFO - [main.py:164] - Retrieved deviation DEV-1001
2026-08-12 21:40:13 - app.main - INFO - [main.py:164] - Retrieved deviation DEV-1001
2026-08-12 21:40:13 - app.main - INFO - [main.py:164] - Retrieved deviation DEV-1001
2026-08-12 21:40:13 - app.main - INFO - [main.py:164] - Retrieved deviation DEV-1001
2026-08-12 21:40:13 - app.main - INFO - [main.py:164] - Retrieved deviation DEV-1001
2026-08-12 21:40:13 - app.main - INFO - [main.py:164] - Retrieved deviation DEV-1001
2026-08-12 21:40:13 - app.main - INFO - [main.py:164] - Retrieved deviation DEV-1001
2026-08-12 21:40:13 - app.main - INFO - [main.py:164] - Retrieved deviation DEV-1001
2026-08-12 21:40:13 - app.main - INFO - [main.py:164] - Retrieved deviation DEV-1001
2026-08-12 21:40:13 - app.main - INFO - [main.py:164] - Retrieved deviation DEV-1001
2026-08-12 21:40:13 - app.main - INFO - [main.py:164] - Retrieved deviation DEV-1001
2026-08-12 21:40:13 - app.main - INFO - [main.py:164] - Retrieved deviation DEV-1001
2026-08-12 21:40:13 - app.main - INFO - [main.py:164] - Retrieved deviation DEV-1001
2026-08-12 21:40:13 - app.main - INFO - [main.py:164] - Retrieved deviation DEV-1001
2026-08-12 21:40:13 - app.main - INFO - [main.py:164] - Retrieved deviation DEV-1001
2026-08-12 21:40:13 - app.main - INFO - [main.py:164] - Retrieved deviation DEV-1001
2026-08-12 21:40:13 - app.main - INFO - [main.py:164] - Retrieved deviation DEV-1001
2026-08-12 21:40:13 - app.main - INFO - [main.py:164] - Retrieved deviation DEV-1001
2026-08-12 21:40:13 - app.main - INFO - [main.py:164] - Retrieved deviation DEV-1001
2026-08-12 21:40:13 - app.main - INFO - [main.py:164] - Retrieved deviation DEV-1001
2026-08-12 21:40:13 - app.main - INFO - [main.py:164] - Retrieved deviation DEV-1001
2026-08-12 21:40:13 - app.main - INFO - [main.py:164] - Retrieved deviation DEV-1001
2026-08-12 21:40:13 - app.main - INFO - [main.py:164] - Retrieved deviation DEV-1001
2026-08-12 21:40:13 - app.main - INFO - [main.py:164] - Retrieved deviation DEV-1001
2026-08-12 21:40:13 - app.main - INFO - [main.py:164] - Retrieved deviation DEV-1001
2026-08-12 21:40:13 - app.main - INFO - [main.py:164] - Retrieved deviation DEV-1001
2026-08-12 21:40:13 - app.main - INFO - [main.py:164] - Retrieved deviation DEV-1001
2026-08-12 21:40:13 - app.main - INFO - [main.py:135] - Retrieved 30 deviations
2026-08-12 21:40:13 - app.main - INFO - [main.py:135] - Retrieved 30 deviations
2026-08-12 21:40:13 - app.main - INFO - [main.py:135] - Retrieved 30 deviations
2026-08-12 21:40:13 - app.main - INFO - [main.py:135] - Retrieved 30 deviations
2026-08-12 21:40:13 - app.main - INFO - [main.py:135] - Retrieved 30 deviations
2026-08-12 21:40:13 - app.main - INFO - [main.py:135] - Retrieved 30 deviations
2026-08-12 21:40:13 - app.main - INFO - [main.py:135] - Retrieved 30 deviations
2026-08-12 21:40:13 - app.main - INFO - [main.py:135] - Retrieved 30 deviations
2026-08-12 21:40:13 - app.main - INFO - [main.py:135] - Retrieved 30 deviations
2026-08-12 21:40:13 - app.main - INFO - [main.py:135] - Retrieved 30 deviations
2026-08-12 21:40:13 - app.main - INFO - [main.py:205] - Summary: 30 total, Risk={'Low': 11, 'Medium': 3, 'High': 16}, Review statuses=['Closed', 'Escalated', 'In Review', 'Not Started', 'Pending Review'], Overdue=15, Unassigned=6
2026-08-12 21:40:13 - app.main - INFO - [main.py:205] - Summary: 30 total, Risk={'Low': 11, 'Medium': 3, 'High': 16}, Review statuses=['Closed', 'Escalated', 'In Review', 'Not Started', 'Pending Review'], Overdue=15, Unassigned=6
2026-08-12 21:40:13 - app.main - INFO - [main.py:205] - Summary: 30 total, Risk={'Low': 11, 'Medium': 3, 'High': 16}, Review statuses=['Closed', 'Escalated', 'In Review', 'Not Started', 'Pending Review'], Overdue=15, Unassigned=6
2026-08-12 21:40:13 - app.main - INFO - [main.py:205] - Summary: 30 total, Risk={'Low': 11, 'Medium': 3, 'High': 16}, Review statuses=['Closed', 'Escalated', 'In Review', 'Not Started', 'Pending Review'], Overdue=15, Unassigned=6
2026-08-12 21:40:13 - app.main - INFO - [main.py:205] - Summary: 30 total, Risk={'Low': 11, 'Medium': 3, 'High': 16}, Review statuses=['Closed', 'Escalated', 'In Review', 'Not Started', 'Pending Review'], Overdue=15, Unassigned=6
2026-08-12 21:40:13 - app.main - INFO - [main.py:205] - Summary: 30 total, Risk={'Low': 11, 'Medium': 3, 'High': 16}, Review statuses=['Closed', 'Escalated', 'In Review', 'Not Started', 'Pending Review'], Overdue=15, Unassigned=6
2026-08-12 21:40:13 - app.main - INFO - [main.py:205] - Summary: 30 total, Risk={'Low': 11, 'Medium': 3, 'High': 16}, Review statuses=['Closed', 'Escalated', 'In Review', 'Not Started', 'Pending Review'], Overdue=15, Unassigned=6
2026-08-12 21:40:13 - app.main - INFO - [main.py:205] - Summary: 30 total, Risk={'Low': 11, 'Medium': 3, 'High': 16}, Review statuses=['Closed', 'Escalated', 'In Review', 'Not Started', 'Pending Review'], Overdue=15, Unassigned=6
2026-08-12 21:40:13 - app.main - INFO - [main.py:205] - Summary: 30 total, Risk={'Low': 11, 'Medium': 3, 'High': 16}, Review statuses=['Closed', 'Escalated', 'In Review', 'Not Started', 'Pending Review'], Overdue=15, Unassigned=6
2026-08-12 21:40:13 - app.main - INFO - [main.py:205] - Summary: 30 total, Risk={'Low': 11, 'Medium': 3, 'High': 16}, Review statuses=['Closed', 'Escalated', 'In Review', 'Not Started', 'Pending Review'], Overdue=15, Unassigned=6
2026-08-12 21:40:52 - app.main - INFO - [main.py:135] - Retrieved 30 deviations
2026-08-12 21:40:52 - app.main - INFO - [main.py:135] - Retrieved 30 deviations
2026-08-12 21:40:52 - app.main - INFO - [main.py:130] - Filtered 16 records at High risk level (from 30 total)
2026-08-12 21:40:52 - app.main - INFO - [main.py:135] - Retrieved 16 deviations
2026-08-12 21:40:52 - app.main - INFO - [main.py:130] - Filtered 11 records at Low risk level (from 30 total)
2026-08-12 21:40:52 - app.main - INFO - [main.py:135] - Retrieved 11 deviations
2026-08-12 21:40:52 - app.main - INFO - [main.py:205] - Summary: 30 total, Risk={'Low': 11, 'Medium': 3, 'High': 16}, Review statuses=['Closed', 'Escalated', 'In Review', 'Not Started', 'Pending Review'], Overdue=15, Unassigned=6
2026-08-12 21:40:52 - app.main - INFO - [main.py:205] - Summary: 30 total, Risk={'Low': 11, 'Medium': 3, 'High': 16}, Review statuses=['Closed', 'Escalated', 'In Review', 'Not Started', 'Pending Review'], Overdue=15, Unassigned=6
2026-08-12 21:40:52 - app.main - INFO - [main.py:205] - Summary: 30 total, Risk={'Low': 11, 'Medium': 3, 'High': 16}, Review statuses=['Closed', 'Escalated', 'In Review', 'Not Started', 'Pending Review'], Overdue=15, Unassigned=6
2026-08-12 21:40:52 - app.main - INFO - [main.py:26] - Starting application initialization...
2026-08-12 21:40:52 - app.database - INFO - [database.py:50] - Initializing database schema and data...
2026-08-12 21:40:52 - app.database - INFO - [database.py:57] - Database already contains 30 records
2026-08-12 21:40:52 - app.main - INFO - [main.py:28] - Application successfully initialized
2026-08-12 21:40:52 - app.main - INFO - [main.py:130] - Filtered 16 records at High risk level (from 30 total)
2026-08-12 21:40:52 - app.main - INFO - [main.py:135] - Retrieved 16 deviations
2026-08-12 21:40:52 - app.main - INFO - [main.py:205] - Summary: 30 total, Risk={'Low': 11, 'Medium': 3, 'High': 16}, Review statuses=['Closed', 'Escalated', 'In Review', 'Not Started', 'Pending Review'], Overdue=15, Unassigned=6
2026-08-12 21:40:52 - app.main - INFO - [main.py:33] - Shutting down application
2026-08-12 21:40:52 - app.main - INFO - [main.py:26] - Starting application initialization...
2026-08-12 21:40:52 - app.database - INFO - [database.py:50] - Initializing database schema and data...
2026-08-12 21:40:52 - app.database - INFO - [database.py:57] - Database already contains 30 records
2026-08-12 21:40:52 - app.main - INFO - [main.py:28] - Application successfully initialized
2026-08-12 21:40:52 - app.main - WARNING - [main.py:166] - Deviation DEV-DOES-NOT-EXIST not found
2026-08-12 21:40:52 - app.main - INFO - [main.py:33] - Shutting down application
